// Jest Snapshot v1, https://goo.gl/fbAQLP

exports[`Add Row Component Tests Snapshot test 1`] = `
<nav
  class="navigation"
>
  <div
    class="navigation--wrapper"
  >
    <h2
      class="navigation--app-title"
    >
      Transcription
    </h2>
     
    <ul
      class="navigation--buttons"
    >
      <li>
        <button
          class="upload-transcriptions navigation--buttons--button"
        >
          <svg
            class="svg-icon svg-fill"
            style="width: 1.5rem; height: 1.5rem;"
            version="1.1"
            viewBox="0 0 24 24"
          >
            <g
              fill="none"
              fill-rule="evenodd"
            >
              <path
                d="M0 0h24v24H0z"
                pid="0"
              />
              <path
                d="M9 16h6v-6h4l-7-7-7 7h4v6zm-4 2h14v2H5v-2z"
                fill="#8F97A8"
                fill-rule="nonzero"
                pid="1"
              />
            </g>
          </svg>
        </button>
      </li>
       
      <li>
        <button
          class="get-transcriptions"
        >
          <svg
            class="svg-icon svg-fill"
            style="width: 1.5rem; height: 1.5rem;"
            version="1.1"
            viewBox="0 0 24 24"
          >
            <g
              fill="none"
              fill-rule="evenodd"
            >
              <path
                d="M0 0h24v24H0z"
                pid="0"
              />
              <path
                d="M4 6H2v14c0 1.1.9 2 2 2h14v-2H4V6zm16-4H8c-1.1 0-2 .9-2 2v12c0 1.1.9 2 2 2h12c1.1 0 2-.9 2-2V4c0-1.1-.9-2-2-2zm-1 9h-4v4h-2v-4H9V9h4V5h2v4h4v2z"
                fill="#8F97A8"
                fill-rule="nonzero"
                pid="1"
              />
            </g>
          </svg>
        </button>
      </li>
    </ul>
  </div>
</nav>
`;
