// Jest Snapshot v1, https://goo.gl/fbAQLP

exports[`Default layout component tests Snapshot test 1`] = `
<main class="landing-page">
  <hgroup class="landing-page--titles">
    <h1 class="main-title">Test Title</h1>
    <h2 class="subtitle">Test Subtitle</h2>
  </hgroup>
  <div tabindex="0" class="landing-page--links">
    <router-link-stub title="Link to transcriptions page" tag="a" to="/transcription-list">Transcriptions</router-link-stub>
  </div>
</main>
`;
