// Jest Snapshot v1, https://goo.gl/fbAQLP

exports[`<Header /> should render a div 1`] = `
<nav
  class="Wrapper-xaxau5-0 fQEAVn"
>
  <div
    class="Wrapper-sc-1emwvq-0 hmqJJf"
  >
    <h1
      class="H1-sc-1uc3xdc-0 gcICYC"
    >
      Transcriptions
    </h1>
    <div
      class="ActionsBar-sc-13646o-0 ibBVIn"
    >
      <div
        class="Wrapper-sc-12j7mp-0 ksKEZl"
      >
        <a
          class="A-w99s3k-0 fAIjMX"
        >
          <div
            class="Svg-sc-1x9ofvp-0 cKvrhD"
          >
            upload
          </div>
        </a>
      </div>
      <div
        class="Wrapper-sc-12j7mp-0 ksKEZl"
      >
        <a
          class="A-w99s3k-0 fAIjMX"
        >
          <div
            class="Svg-sc-1x9ofvp-0 cKvrhD"
          >
            download
          </div>
        </a>
      </div>
    </div>
  </div>
</nav>
`;
