// Jest Snapshot v1, https://goo.gl/fbAQLP

exports[`<Icon /> should render a svg 1`] = `
<div
  class="Div-sc-3h6x8x-0 hvKqji"
  color="8F97A8"
  size="32"
>
  <svg
    class="Svg-sc-1x9ofvp-0 jCPzkt"
    height="32px"
    width="32px"
  >
    <use
      xlink:href="#undefined"
    />
  </svg>
</div>
`;
