// Vitest Snapshot v1

exports[`TemplateHeader.vue > should render 1`] = `
"<header class=\\"template-header\\" data-v-45ec03a1=\\"\\">
  <div class=\\"container\\" data-v-45ec03a1=\\"\\">
    <div class=\\"template-header__content content\\" data-v-45ec03a1=\\"\\">
      <h1 class=\\"template-header__title montserrat-font-family\\" data-v-45ec03a1=\\"\\">Transcriptions</h1>
      <div class=\\"template-header__buttons\\" data-v-45ec03a1=\\"\\"><button class=\\"button\\" data-v-45ec03a1=\\"\\"><svg width=\\"24\\" height=\\"24\\" xmlns=\\"http://www.w3.org/2000/svg\\" data-v-45ec03a1=\\"\\">
            <g fill=\\"none\\" fill-rule=\\"evenodd\\">
              <path d=\\"M0 0h24v24H0z\\"></path>
              <path d=\\"M9 16h6v-6h4l-7-7-7 7h4v6Zm-4 2h14v2H5v-2Z\\" fill=\\"#8F97A8\\" fill-rule=\\"nonzero\\"></path>
            </g>
          </svg></button><button class=\\"button\\" data-v-45ec03a1=\\"\\"><svg width=\\"24\\" height=\\"24\\" xmlns=\\"http://www.w3.org/2000/svg\\" data-v-45ec03a1=\\"\\">
            <g fill=\\"none\\" fill-rule=\\"evenodd\\">
              <path d=\\"M0 0h24v24H0z\\"></path>
              <path d=\\"M4 6H2v14c0 1.1.9 2 2 2h14v-2H4V6Zm16-4H8c-1.1 0-2 .9-2 2v12c0 1.1.9 2 2 2h12c1.1 0 2-.9 2-2V4c0-1.1-.9-2-2-2Zm-1 9h-4v4h-2v-4H9V9h4V5h2v4h4v2Z\\" fill=\\"#8F97A8\\" fill-rule=\\"nonzero\\"></path>
            </g>
          </svg></button></div>
    </div>
  </div>
</header>"
`;
